<VirtualHost *:80>
	ServerAdmin sample@mail.com

	DocumentRoot {{webroot}}
	<Directory />
		Options FollowSymLinks
		AllowOverride None
	</Directory>
	<Directory {{webroot}}>
		Options Indexes FollowSymLinks MultiViews
		AllowOverride None
		Order allow,deny
		allow from all
	</Directory>
</VirtualHost>
